src/pages/Dashboard/LandlordDashboard.tsx(44,26): error TS2304: Cannot find name 'Link'.
src/pages/Dashboard/LandlordDashboard.tsx(46,27): error TS2304: Cannot find name 'Link'.
src/pages/Dashboard/UserManagement.tsx(4,80): error TS6133: 'MoreVertical' is declared but its value is never read.
